// Jest Snapshot v1, https://goo.gl/fbAQLP

exports[`should render ExpenseListItem with the first fixture expense 1`] = `
<div>
  <Link
    replace={false}
    to="/edit/1"
  >
    <h3>
      Gum
    </h3>
  </Link>
  <p>
    195
     Cents - 
    0
  </p>
</div>
`;
